I'm sorry, but an uncaught exception occurred.

While processing text tag {16} in "While processing text tag {16} in 'Oh meu Deus, meu Deus! eu queria pedir-te que a levasses já... e não tenho ânimo. Eu devia aceitar por mercê de tuas misericórdias que chamasses aquele anjo para junto dos teus, antes que o mundo, este mundo infame e sem comiseraçã12o, ${16}$ lhe cuspisse na cara com a desgraça do seu nascimento.'.:".:
  File "game/atos/ato3.rpy", line 65, in script
    m "Oh meu Deus, meu Deus! eu queria pedir-te que a levasses já... e não tenho ânimo. Eu devia aceitar por mercê de tuas misericórdias que chamasses aquele anjo para junto dos teus, antes que o mundo, este mundo infame e sem comiseraçã12o, ${16}$ lhe cuspisse na cara com a desgraça do seu nascimento."
  File "renpy/display/render.pyx", line 494, in renpy.display.render.render_screen
  File "renpy/display/render.pyx", line 267, in renpy.display.render.render
  File "renpy/display/render.pyx", line 170, in renpy.display.render.render
  File "renpy/display/render.pyx", line 267, in renpy.display.render.render
  File "renpy/display/render.pyx", line 170, in renpy.display.render.render
  File "renpy/display/render.pyx", line 267, in renpy.display.render.render
  File "renpy/display/render.pyx", line 170, in renpy.display.render.render
  File "renpy/display/render.pyx", line 267, in renpy.display.render.render
  File "renpy/display/render.pyx", line 170, in renpy.display.render.render
  File "renpy/display/render.pyx", line 267, in renpy.display.render.render
  File "renpy/display/render.pyx", line 170, in renpy.display.render.render
  File "renpy/display/render.pyx", line 267, in renpy.display.render.render
  File "renpy/display/render.pyx", line 170, in renpy.display.render.render
  File "renpy/display/render.pyx", line 267, in renpy.display.render.render
  File "renpy/display/render.pyx", line 170, in renpy.display.render.render
  File "renpy/display/render.pyx", line 267, in renpy.display.render.render
Exception: Unknown text tag '16'

During handling of the above exception, another exception occurred:

Traceback (most recent call last):
  File "game/atos/ato3.rpy", line 65, in script
    m "Oh meu Deus, meu Deus! eu queria pedir-te que a levasses já... e não tenho ânimo. Eu devia aceitar por mercê de tuas misericórdias que chamasses aquele anjo para junto dos teus, antes que o mundo, este mundo infame e sem comiseraçã12o, ${16}$ lhe cuspisse na cara com a desgraça do seu nascimento."
  File "game/atos/ato3.rpy", line 65, in script
    m "Oh meu Deus, meu Deus! eu queria pedir-te que a levasses já... e não tenho ânimo. Eu devia aceitar por mercê de tuas misericórdias que chamasses aquele anjo para junto dos teus, antes que o mundo, este mundo infame e sem comiseraçã12o, ${16}$ lhe cuspisse na cara com a desgraça do seu nascimento."
  File "renpy/display/render.pyx", line 494, in renpy.display.render.render_screen
  File "renpy/display/render.pyx", line 267, in renpy.display.render.render
  File "renpy/display/render.pyx", line 170, in renpy.display.render.render
  File "renpy/display/render.pyx", line 267, in renpy.display.render.render
  File "renpy/display/render.pyx", line 170, in renpy.display.render.render
  File "renpy/display/render.pyx", line 267, in renpy.display.render.render
  File "renpy/display/render.pyx", line 170, in renpy.display.render.render
  File "renpy/display/render.pyx", line 267, in renpy.display.render.render
  File "renpy/display/render.pyx", line 170, in renpy.display.render.render
  File "renpy/display/render.pyx", line 267, in renpy.display.render.render
  File "renpy/display/render.pyx", line 170, in renpy.display.render.render
  File "renpy/display/render.pyx", line 267, in renpy.display.render.render
  File "renpy/display/render.pyx", line 170, in renpy.display.render.render
  File "renpy/display/render.pyx", line 267, in renpy.display.render.render
  File "renpy/display/render.pyx", line 320, in renpy.display.render.render_for_size
  File "renpy/display/render.pyx", line 267, in renpy.display.render.render
  File "renpy/display/render.pyx", line 320, in renpy.display.render.render_for_size
  File "renpy/display/render.pyx", line 267, in renpy.display.render.render
  File "renpy/display/render.pyx", line 170, in renpy.display.render.render
  File "renpy/display/render.pyx", line 267, in renpy.display.render.render
  File "renpy/display/render.pyx", line 170, in renpy.display.render.render
  File "renpy/display/render.pyx", line 267, in renpy.display.render.render
Exception: Unknown text tag '16'

-- Full Traceback ------------------------------------------------------------

Traceback (most recent call last):
  File "game/atos/ato3.rpy", line 65, in script
    m "Oh meu Deus, meu Deus! eu queria pedir-te que a levasses já... e não tenho ânimo. Eu devia aceitar por mercê de tuas misericórdias que chamasses aquele anjo para junto dos teus, antes que o mundo, este mundo infame e sem comiseraçã12o, ${16}$ lhe cuspisse na cara com a desgraça do seu nascimento."
  File "renpy/ast.py", line 2925, in execute
    Say.execute(self)
    ~~~~~~~~~~~^^^^^^
  File "renpy/ast.py", line 991, in execute
    renpy.exports.say(who, what, *args, **kwargs)
    ~~~~~~~~~~~~~~~~~^^^^^^^^^^^^^^^^^^^^^^^^^^^^
  File "renpy/exports/sayexports.py", line 129, in say
    who(what, *args, **kwargs)
    ~~~^^^^^^^^^^^^^^^^^^^^^^^
  File "renpy/character.py", line 1565, in __call__
    self.do_display(who, what, cb_args=self.cb_args, dtt=dtt, **display_args)
    ~~~~~~~~~~~~~~~^^^^^^^^^^^^^^^^^^^^^^^^^^^^^^^^^^^^^^^^^^^^^^^^^^^^^^^^^^
  File "renpy/character.py", line 1220, in do_display
    display_say(who, what, self.do_show, **display_args)
    ~~~~~~~~~~~^^^^^^^^^^^^^^^^^^^^^^^^^^^^^^^^^^^^^^^^^
  File "renpy/character.py", line 902, in display_say
    rv = renpy.ui.interact(mouse="say", type=type, roll_forward=roll_forward)
         ~~~~~~~~~~~~~~~~~^^^^^^^^^^^^^^^^^^^^^^^^^^^^^^^^^^^^^^^^^^^^^^^^^^^
  File "renpy/ui.py", line 306, in interact
    rv = renpy.game.interface.interact(roll_forward=roll_forward, **kwargs)
         ~~~~~~~~~~~~~~~~~~~~~~~~~~~~~^^^^^^^^^^^^^^^^^^^^^^^^^^^^^^^^^^^^^
  File "renpy/display/core.py", line 2154, in interact
    repeat, rv = self.interact_core(
                 ~~~~~~~~~~~~~~~~~~^
        preloads=preloads,
        ^^^^^^^^^^^^^^^^^^
    ...<4 lines>...
        **kwargs,
        ^^^^^^^^^
    )
    ^
  File "renpy/display/core.py", line 2833, in interact_core
    self.draw_screen(root_widget, fullscreen_video, (not fullscreen_video) or video_frame_drawn)
    ~~~~~~~~~~~~~~~~^^^^^^^^^^^^^^^^^^^^^^^^^^^^^^^^^^^^^^^^^^^^^^^^^^^^^^^^^^^^^^^^^^^^^^^^^^^^
  File "renpy/display/core.py", line 1279, in draw_screen
    surftree = renpy.display.render.render_screen(
               ~~~~~~~~~~~~~~~~~~~~~~~~~~~~~~~~~~^
        root_widget,
        ^^^^^^^^^^^^
        renpy.config.screen_width,
        ^^^^^^^^^^^^^^^^^^^^^^^^^^
        renpy.config.screen_height,
        ^^^^^^^^^^^^^^^^^^^^^^^^^^^
    )
    ^
  File "renpy/display/render.pyx", line 494, in renpy.display.render.render_screen
  File "renpy/display/render.pyx", line 267, in renpy.display.render.render
  File "renpy/display/layout.py", line 896, in render
    surf = render(child, width, height, cst, cat)
           ~~~~~~^^^^^^^^^^^^^^^^^^^^^^^^^^^^^^^^
  File "renpy/display/render.pyx", line 170, in renpy.display.render.render
  File "renpy/display/render.pyx", line 267, in renpy.display.render.render
  File "renpy/display/layout.py", line 896, in render
    surf = render(child, width, height, cst, cat)
           ~~~~~~^^^^^^^^^^^^^^^^^^^^^^^^^^^^^^^^
  File "renpy/display/render.pyx", line 170, in renpy.display.render.render
  File "renpy/display/render.pyx", line 267, in renpy.display.render.render
  File "renpy/display/layout.py", line 896, in render
    surf = render(child, width, height, cst, cat)
           ~~~~~~^^^^^^^^^^^^^^^^^^^^^^^^^^^^^^^^
  File "renpy/display/render.pyx", line 170, in renpy.display.render.render
  File "renpy/display/render.pyx", line 267, in renpy.display.render.render
  File "renpy/display/screen.py", line 767, in render
    child = renpy.display.render.render(self.child, w, h, st, at)
            ~~~~~~~~~~~~~~~~~~~~~~~~~~~^^^^^^^^^^^^^^^^^^^^^^^^^^
  File "renpy/display/render.pyx", line 170, in renpy.display.render.render
  File "renpy/display/render.pyx", line 267, in renpy.display.render.render
  File "renpy/display/layout.py", line 896, in render
    surf = render(child, width, height, cst, cat)
           ~~~~~~^^^^^^^^^^^^^^^^^^^^^^^^^^^^^^^^
  File "renpy/display/render.pyx", line 170, in renpy.display.render.render
  File "renpy/display/render.pyx", line 267, in renpy.display.render.render
  File "renpy/display/layout.py", line 1444, in render
    surf = render(child, width - cxmargin - cxpadding, height - cymargin - cypadding, st, at)
           ~~~~~~^^^^^^^^^^^^^^^^^^^^^^^^^^^^^^^^^^^^^^^^^^^^^^^^^^^^^^^^^^^^^^^^^^^^^^^^^^^^
  File "renpy/display/render.pyx", line 170, in renpy.display.render.render
  File "renpy/display/render.pyx", line 267, in renpy.display.render.render
  File "renpy/display/layout.py", line 896, in render
    surf = render(child, width, height, cst, cat)
           ~~~~~~^^^^^^^^^^^^^^^^^^^^^^^^^^^^^^^^
  File "renpy/display/render.pyx", line 170, in renpy.display.render.render
  File "renpy/display/render.pyx", line 267, in renpy.display.render.render
  File "renpy/text/text.py", line 2751, in render
    virtual_layout = Layout(self, width, height, renders, drawable_res=False, size_only=True)
                     ~~~~~~^^^^^^^^^^^^^^^^^^^^^^^^^^^^^^^^^^^^^^^^^^^^^^^^^^^^^^^^^^^^^^^^^^
  File "renpy/text/text.py", line 802, in __init__
    self.paragraphs = self.segment(text.tokens, style, renders, text)
                      ~~~~~~~~~~~~^^^^^^^^^^^^^^^^^^^^^^^^^^^^^^^^^^^
  File "renpy/text/text.py", line 1615, in segment
    raise Exception("Unknown text tag %r" % text)
Exception: Unknown text tag '16'

During handling of the above exception, another exception occurred:

Traceback (most recent call last):
  File "renpy/bootstrap.py", line 401, in bootstrap
    renpy.main.main()
    ~~~~~~~~~~~~~~~^^
  File "renpy/main.py", line 591, in main
    run(restart)
    ~~~^^^^^^^^^
  File "renpy/main.py", line 137, in run
    renpy.execution.run_context(True)
    ~~~~~~~~~~~~~~~~~~~~~~~~~~~^^^^^^
  File "renpy/execution.py", line 1036, in run_context
    context.run()
    ~~~~~~~~~~~^^
  File "game/atos/ato3.rpy", line 65, in script
    m "Oh meu Deus, meu Deus! eu queria pedir-te que a levasses já... e não tenho ânimo. Eu devia aceitar por mercê de tuas misericórdias que chamasses aquele anjo para junto dos teus, antes que o mundo, este mundo infame e sem comiseraçã12o, ${16}$ lhe cuspisse na cara com a desgraça do seu nascimento."
  File "game/atos/ato3.rpy", line 65, in script
    m "Oh meu Deus, meu Deus! eu queria pedir-te que a levasses já... e não tenho ânimo. Eu devia aceitar por mercê de tuas misericórdias que chamasses aquele anjo para junto dos teus, antes que o mundo, este mundo infame e sem comiseraçã12o, ${16}$ lhe cuspisse na cara com a desgraça do seu nascimento."
  File "renpy/display/error.py", line 135, in report_exception
    renpy.game.invoke_in_new_context(
    ~~~~~~~~~~~~~~~~~~~~~~~~~~~~~~~~^
        call_exception_screen,
        ^^^^^^^^^^^^^^^^^^^^^^
    ...<4 lines>...
        ignore_action=ignore_action,
        ^^^^^^^^^^^^^^^^^^^^^^^^^^^^
    )
    ^
  File "renpy/game.py", line 285, in invoke_in_new_context
    return callable(*args, **kwargs)
           ~~~~~~~~^^^^^^^^^^^^^^^^^
  File "renpy/display/error.py", line 44, in call_exception_screen
    return renpy.ui.interact(mouse="screen", type="screen", suppress_overlay=True, suppress_underlay=True)
           ~~~~~~~~~~~~~~~~~^^^^^^^^^^^^^^^^^^^^^^^^^^^^^^^^^^^^^^^^^^^^^^^^^^^^^^^^^^^^^^^^^^^^^^^^^^^^^^
  File "renpy/ui.py", line 306, in interact
    rv = renpy.game.interface.interact(roll_forward=roll_forward, **kwargs)
         ~~~~~~~~~~~~~~~~~~~~~~~~~~~~~^^^^^^^^^^^^^^^^^^^^^^^^^^^^^^^^^^^^^
  File "renpy/display/core.py", line 2154, in interact
    repeat, rv = self.interact_core(
                 ~~~~~~~~~~~~~~~~~~^
        preloads=preloads,
        ^^^^^^^^^^^^^^^^^^
    ...<4 lines>...
        **kwargs,
        ^^^^^^^^^
    )
    ^
  File "renpy/display/core.py", line 2833, in interact_core
    self.draw_screen(root_widget, fullscreen_video, (not fullscreen_video) or video_frame_drawn)
    ~~~~~~~~~~~~~~~~^^^^^^^^^^^^^^^^^^^^^^^^^^^^^^^^^^^^^^^^^^^^^^^^^^^^^^^^^^^^^^^^^^^^^^^^^^^^
  File "renpy/display/core.py", line 1279, in draw_screen
    surftree = renpy.display.render.render_screen(
               ~~~~~~~~~~~~~~~~~~~~~~~~~~~~~~~~~~^
        root_widget,
        ^^^^^^^^^^^^
        renpy.config.screen_width,
        ^^^^^^^^^^^^^^^^^^^^^^^^^^
        renpy.config.screen_height,
        ^^^^^^^^^^^^^^^^^^^^^^^^^^^
    )
    ^
  File "renpy/display/render.pyx", line 494, in renpy.display.render.render_screen
  File "renpy/display/render.pyx", line 267, in renpy.display.render.render
  File "renpy/display/layout.py", line 896, in render
    surf = render(child, width, height, cst, cat)
           ~~~~~~^^^^^^^^^^^^^^^^^^^^^^^^^^^^^^^^
  File "renpy/display/render.pyx", line 170, in renpy.display.render.render
  File "renpy/display/render.pyx", line 267, in renpy.display.render.render
  File "renpy/display/layout.py", line 896, in render
    surf = render(child, width, height, cst, cat)
           ~~~~~~^^^^^^^^^^^^^^^^^^^^^^^^^^^^^^^^
  File "renpy/display/render.pyx", line 170, in renpy.display.render.render
  File "renpy/display/render.pyx", line 267, in renpy.display.render.render
  File "renpy/display/layout.py", line 896, in render
    surf = render(child, width, height, cst, cat)
           ~~~~~~^^^^^^^^^^^^^^^^^^^^^^^^^^^^^^^^
  File "renpy/display/render.pyx", line 170, in renpy.display.render.render
  File "renpy/display/render.pyx", line 267, in renpy.display.render.render
  File "renpy/display/screen.py", line 767, in render
    child = renpy.display.render.render(self.child, w, h, st, at)
            ~~~~~~~~~~~~~~~~~~~~~~~~~~~^^^^^^^^^^^^^^^^^^^^^^^^^^
  File "renpy/display/render.pyx", line 170, in renpy.display.render.render
  File "renpy/display/render.pyx", line 267, in renpy.display.render.render
  File "renpy/display/layout.py", line 896, in render
    surf = render(child, width, height, cst, cat)
           ~~~~~~^^^^^^^^^^^^^^^^^^^^^^^^^^^^^^^^
  File "renpy/display/render.pyx", line 170, in renpy.display.render.render
  File "renpy/display/render.pyx", line 267, in renpy.display.render.render
  File "renpy/display/layout.py", line 1444, in render
    surf = render(child, width - cxmargin - cxpadding, height - cymargin - cypadding, st, at)
           ~~~~~~^^^^^^^^^^^^^^^^^^^^^^^^^^^^^^^^^^^^^^^^^^^^^^^^^^^^^^^^^^^^^^^^^^^^^^^^^^^^
  File "renpy/display/render.pyx", line 170, in renpy.display.render.render
  File "renpy/display/render.pyx", line 267, in renpy.display.render.render
  File "renpy/display/layout.py", line 1955, in render
    cwidth, cheight = sizeit("c", width, height, 0, 0)
                      ~~~~~~^^^^^^^^^^^^^^^^^^^^^^^^^^
  File "renpy/display/layout.py", line 1952, in sizeit
    rend = renpy.display.render.render_for_size(pos_d[pos], width, height, st, at)
           ~~~~~~~~~~~~~~~~~~~~~~~~~~~~~~~~~~~~^^^^^^^^^^^^^^^^^^^^^^^^^^^^^^^^^^^
  File "renpy/display/render.pyx", line 320, in renpy.display.render.render_for_size
  File "renpy/display/render.pyx", line 267, in renpy.display.render.render
  File "renpy/display/layout.py", line 1955, in render
    cwidth, cheight = sizeit("c", width, height, 0, 0)
                      ~~~~~~^^^^^^^^^^^^^^^^^^^^^^^^^^
  File "renpy/display/layout.py", line 1952, in sizeit
    rend = renpy.display.render.render_for_size(pos_d[pos], width, height, st, at)
           ~~~~~~~~~~~~~~~~~~~~~~~~~~~~~~~~~~~~^^^^^^^^^^^^^^^^^^^^^^^^^^^^^^^^^^^
  File "renpy/display/render.pyx", line 320, in renpy.display.render.render_for_size
  File "renpy/display/render.pyx", line 267, in renpy.display.render.render
  File "renpy/display/viewport.py", line 283, in render
    surf = renpy.display.render.render(self.child, child_width, child_height, st, at)
           ~~~~~~~~~~~~~~~~~~~~~~~~~~~^^^^^^^^^^^^^^^^^^^^^^^^^^^^^^^^^^^^^^^^^^^^^^^
  File "renpy/display/render.pyx", line 170, in renpy.display.render.render
  File "renpy/display/render.pyx", line 267, in renpy.display.render.render
  File "renpy/display/layout.py", line 1159, in render
    surf = render(d, width - x, rh, cst, cat)
           ~~~~~~^^^^^^^^^^^^^^^^^^^^^^^^^^^^
  File "renpy/display/render.pyx", line 170, in renpy.display.render.render
  File "renpy/display/render.pyx", line 267, in renpy.display.render.render
  File "renpy/text/text.py", line 2751, in render
    virtual_layout = Layout(self, width, height, renders, drawable_res=False, size_only=True)
                     ~~~~~~^^^^^^^^^^^^^^^^^^^^^^^^^^^^^^^^^^^^^^^^^^^^^^^^^^^^^^^^^^^^^^^^^^
  File "renpy/text/text.py", line 802, in __init__
    self.paragraphs = self.segment(text.tokens, style, renders, text)
                      ~~~~~~~~~~~~^^^^^^^^^^^^^^^^^^^^^^^^^^^^^^^^^^^
  File "renpy/text/text.py", line 1615, in segment
    raise Exception("Unknown text tag %r" % text)
Exception: Unknown text tag '16'

Windows-11-10.0.26200-SP0 AMD64
Ren'Py 8.5.2.26010301
Frei Luis de Sousa 1.0
Thu Jan 15 12:08:51 2026
